
 RUN  v3.2.7 /home/dev/projects/rent-auto-wt/fix-quality-20260925/frontend

 ❯ src/api/session_race.test.ts (1 test | 1 failed) 19ms
   × a rejected old request must preserve a newer login 18ms
     → expected '' to be 'new-token' // Object.is equality

⎯⎯⎯⎯⎯⎯⎯ Failed Tests 1 ⎯⎯⎯⎯⎯⎯⎯

 FAIL  src/api/session_race.test.ts > a rejected old request must preserve a newer login
AssertionError: expected '' to be 'new-token' // Object.is equality

- Expected
+ Received

- new-token

 ❯ src/api/session_race.test.ts:26:22
     24|   }))
     25|   await pending
     26|   expect(getToken()).toBe('new-token')
       |                      ^
     27|   expect(window.location.hash).toBe('#/dashboard')
     28| })

⎯⎯⎯⎯⎯⎯⎯⎯⎯⎯⎯⎯⎯⎯⎯⎯⎯⎯⎯⎯⎯⎯⎯⎯[1/1]⎯


 Test Files  1 failed (1)
      Tests  1 failed (1)
   Start at  12:06:39
   Duration  1.25s (transform 89ms, setup 148ms, collect 27ms, tests 19ms, environment 661ms, prepare 167ms)

