cd backend && golangci-lint run ./...
0 issues.
cd backend && go vet ./...
cd backend && go build ./...
cd backend && if [ -n "$TEST_DATABASE_URL" ] || (echo > /dev/tcp/localhost/35432) 2>/dev/null; then \
	echo ">> unit + integration tests"; \
	TEST_DATABASE_URL=${TEST_DATABASE_URL:-postgres://rentauto:rentauto@localhost:35432/rentauto_test?sslmode=disable} \
		go test -tags=integration -p 1 ./... -race -count=1 -coverprofile=coverage.out -coverpkg=./internal/...; \
else \
	echo ">> unit tests only (no database detected)"; \
	go test ./... -race -count=1 -coverprofile=coverage.out -coverpkg=./internal/...; \
fi
>> unit + integration tests
?   	github.com/3219378872/rent-auto/backend/cmd/migrate	[no test files]
ok  	github.com/3219378872/rent-auto/backend/cmd/server	3.295s	coverage: 2.7% of statements in ./internal/...
ok  	github.com/3219378872/rent-auto/backend/internal/analytics	1.348s	coverage: 5.7% of statements in ./internal/...
ok  	github.com/3219378872/rent-auto/backend/internal/api	45.204s	coverage: 22.1% of statements in ./internal/...
ok  	github.com/3219378872/rent-auto/backend/internal/auth	2.964s	coverage: 1.0% of statements in ./internal/...
ok  	github.com/3219378872/rent-auto/backend/internal/bench	1.249s	coverage: 5.9% of statements in ./internal/...
ok  	github.com/3219378872/rent-auto/backend/internal/channels	1.359s	coverage: 12.9% of statements in ./internal/...
ok  	github.com/3219378872/rent-auto/backend/internal/config	1.055s	coverage: 1.2% of statements in ./internal/...
ok  	github.com/3219378872/rent-auto/backend/internal/domain	1.037s	coverage: 0.1% of statements in ./internal/...
	github.com/3219378872/rent-auto/backend/internal/logging		coverage: 0.0% of statements
ok  	github.com/3219378872/rent-auto/backend/internal/platform	1.033s	coverage: 0.0% of statements in ./internal/...
ok  	github.com/3219378872/rent-auto/backend/internal/platform/eco	6.145s	coverage: 7.5% of statements in ./internal/...
ok  	github.com/3219378872/rent-auto/backend/internal/platform/steam	1.445s	coverage: 8.2% of statements in ./internal/...
ok  	github.com/3219378872/rent-auto/backend/internal/platform/uu	1.537s	coverage: 10.3% of statements in ./internal/...
ok  	github.com/3219378872/rent-auto/backend/internal/pricing	1.038s	coverage: 2.9% of statements in ./internal/...
ok  	github.com/3219378872/rent-auto/backend/internal/ratelimit	1.054s	coverage: 0.3% of statements in ./internal/...
ok  	github.com/3219378872/rent-auto/backend/internal/recon	1.329s	coverage: 9.1% of statements in ./internal/...
ok  	github.com/3219378872/rent-auto/backend/internal/scheduler	2.682s	coverage: 16.8% of statements in ./internal/...
ok  	github.com/3219378872/rent-auto/backend/internal/secrets	1.031s	coverage: 0.4% of statements in ./internal/...
ok  	github.com/3219378872/rent-auto/backend/internal/store	3.223s	coverage: 9.2% of statements in ./internal/...
ok  	github.com/3219378872/rent-auto/backend/internal/testutil	1.033s	coverage: 0.2% of statements in ./internal/...
?   	github.com/3219378872/rent-auto/backend/migrations	[no test files]
cd backend && go tool cover -func=coverage.out | tail -1
total:											(statements)			77.4%
ok   internal/pricing 93%
ok   internal/platform 100%
ok   internal/platform/uu 81%
ok   internal/platform/eco 83%
ok   internal/platform/steam 83%
ok   internal/recon 91%
ok   internal/analytics 82%
ok   internal/auth 93%
ok   internal/secrets 79%
ok   internal/config 87%
=== RUN   TestMigrationsUpDown
--- PASS: TestMigrationsUpDown (0.19s)
PASS
ok  	github.com/3219378872/rent-auto/backend/internal/store	0.191s
make[1]: Entering directory '/home/dev/projects/rent-auto-wt/fix-quality-20260925'
cd frontend && pnpm exec tsc --noEmit
cd frontend && pnpm exec eslint . --max-warnings=0
cd frontend && pnpm exec vitest run

 RUN  v3.2.7 /home/dev/projects/rent-auto-wt/fix-quality-20260925/frontend

 ✓ src/lib/ui.test.ts (3 tests) 3ms
 ✓ src/api/session_race.test.ts (4 tests) 19ms
 ✓ src/api/client.test.ts (5 tests) 21ms
 ✓ src/pages/Login.test.tsx (1 test) 156ms
 ✓ src/pages/Dashboard.test.tsx (5 tests) 213ms
 ✓ src/pages/Audit.test.tsx (3 tests) 223ms
 ✓ src/pages/Inventory.test.tsx (3 tests) 445ms
 ✓ src/pages/Orders.test.tsx (4 tests) 820ms
   ✓ Orders page > blocks export during loading, then exports all pages using the current filters  373ms
 ✓ src/App.test.tsx (8 tests) 956ms
 ✓ src/pages/Channels.test.tsx (4 tests) 1533ms
   ✓ Channels page UU 短信登录 > 图形校验后重发必须复用首次响应的 session_id  309ms
   ✓ Channels page UU 短信登录 > 图形校验通过后遵守 secs 冷却才自动重发  1054ms
 ✓ src/pages/Strategies.test.tsx (15 tests) 3124ms
   ✓ global strategy drafts > normalizes legacy flat fields and renders native route controls  423ms
   ✓ global strategy drafts > saves nested values and reads back the saved form  310ms

 Test Files  11 passed (11)
      Tests  55 passed (55)
   Start at  12:21:15
   Duration  4.78s (transform 935ms, setup 2.35s, collect 2.50s, tests 7.51s, environment 8.74s, prepare 1.22s)

cd frontend && pnpm exec vite build
vite v7.3.6 building client environment for production...
transforming...
✓ 60 modules transformed.
rendering chunks...
computing gzip size...
dist/index.html                   0.41 kB │ gzip:   0.30 kB
dist/assets/index-C5pmwOJk.css   10.99 kB │ gzip:   3.15 kB
dist/assets/index-oQNaEiEw.js   318.36 kB │ gzip: 102.52 kB
✓ built in 833ms
make[1]: Leaving directory '/home/dev/projects/rent-auto-wt/fix-quality-20260925'
=== GATE PASSED ===
