
 RUN  v3.2.7 /home/dev/projects/rent-auto-wt/quality-review-20260925/frontend

 ❯ src/api/quality_probe.test.ts (1 test | 1 failed) 12ms
   × a rejected old request must preserve a newer login 12ms
     → expected '' to be 'new-token' // Object.is equality

⎯⎯⎯⎯⎯⎯⎯ Failed Tests 1 ⎯⎯⎯⎯⎯⎯⎯

 FAIL  src/api/quality_probe.test.ts > a rejected old request must preserve a newer login
AssertionError: expected '' to be 'new-token' // Object.is equality

- Expected
+ Received

- new-token

 ❯ src/api/quality_probe.test.ts:26:22
     24|   }))
     25|   await pending
     26|   expect(getToken()).toBe('new-token')
       |                      ^
     27|   expect(window.location.hash).toBe('#/dashboard')
     28| })

⎯⎯⎯⎯⎯⎯⎯⎯⎯⎯⎯⎯⎯⎯⎯⎯⎯⎯⎯⎯⎯⎯⎯⎯[1/1]⎯


 Test Files  1 failed (1)
      Tests  1 failed (1)
   Start at  11:53:59
   Duration  1.01s (transform 49ms, setup 122ms, collect 25ms, tests 12ms, environment 535ms, prepare 101ms)

